c:\nxp\mcuxpressoide_11.9.0_2144\ide\plugins\com.nxp.mcuxpresso.tools.win32_11.9.0.202307121226\tools\arm-none-eabi\include\c++\12.3.1\new:174:33:void* operator new(std::size_t, void*)	16	static
c:\nxp\mcuxpressoide_11.9.0_2144\ide\plugins\com.nxp.mcuxpresso.tools.win32_11.9.0.202307121226\tools\arm-none-eabi\include\c++\12.3.1\bits\stl_vector.h:133:14:std::_Vector_base<CALLBACK*, std::allocator<CALLBACK*> >::_Vector_impl::~_Vector_impl()	16	static
c:\nxp\mcuxpressoide_11.9.0_2144\ide\plugins\com.nxp.mcuxpresso.tools.win32_11.9.0.202307121226\tools\arm-none-eabi\include\c++\12.3.1\bits\stl_vector.h:312:7:std::_Vector_base<_Tp, _Alloc>::_Vector_base() [with _Tp = CALLBACK*; _Alloc = std::allocator<CALLBACK*>]	16	static
c:\nxp\mcuxpressoide_11.9.0_2144\ide\plugins\com.nxp.mcuxpresso.tools.win32_11.9.0.202307121226\tools\arm-none-eabi\include\c++\12.3.1\bits\stl_vector.h:526:7:std::vector<_Tp, _Alloc>::vector() [with _Tp = CALLBACK*; _Alloc = std::allocator<CALLBACK*>]	16	static
../src/UTILS/CALLBACK/CALLBACK.cpp:14:6:virtual void CALLBACK::Callback()	16	static
../src/UTILS/CALLBACK/CALLBACK.cpp:19:1:CALLBACK::CALLBACK()	24	static
../src/UTILS/CALLBACK/CALLBACK.cpp:24:6:static void CALLBACK::SysTickCall()	24	static
c:\nxp\mcuxpressoide_11.9.0_2144\ide\plugins\com.nxp.mcuxpresso.tools.win32_11.9.0.202307121226\tools\arm-none-eabi\include\c++\12.3.1\bits\stl_vector.h:137:2:std::_Vector_base<_Tp, _Alloc>::_Vector_impl::_Vector_impl() [with _Tp = CALLBACK*; _Alloc = std::allocator<CALLBACK*>]	16	static
c:\nxp\mcuxpressoide_11.9.0_2144\ide\plugins\com.nxp.mcuxpresso.tools.win32_11.9.0.202307121226\tools\arm-none-eabi\include\c++\12.3.1\bits\allocator.h:174:7:std::allocator< <template-parameter-1-1> >::~allocator() [with _Tp = CALLBACK*]	16	static
c:\nxp\mcuxpressoide_11.9.0_2144\ide\plugins\com.nxp.mcuxpresso.tools.win32_11.9.0.202307121226\tools\arm-none-eabi\include\c++\12.3.1\bits\stl_vector.h:364:7:std::_Vector_base<_Tp, _Alloc>::~_Vector_base() [with _Tp = CALLBACK*; _Alloc = std::allocator<CALLBACK*>]	16	static
c:\nxp\mcuxpressoide_11.9.0_2144\ide\plugins\com.nxp.mcuxpresso.tools.win32_11.9.0.202307121226\tools\arm-none-eabi\include\c++\12.3.1\bits\stl_vector.h:1293:7:void std::vector<_Tp, _Alloc>::push_back(value_type&&) [with _Tp = CALLBACK*; _Alloc = std::allocator<CALLBACK*>]	16	static
c:\nxp\mcuxpressoide_11.9.0_2144\ide\plugins\com.nxp.mcuxpresso.tools.win32_11.9.0.202307121226\tools\arm-none-eabi\include\c++\12.3.1\bits\stl_vector.h:868:7:std::vector<_Tp, _Alloc>::iterator std::vector<_Tp, _Alloc>::begin() [with _Tp = CALLBACK*; _Alloc = std::allocator<CALLBACK*>]	24	static
c:\nxp\mcuxpressoide_11.9.0_2144\ide\plugins\com.nxp.mcuxpresso.tools.win32_11.9.0.202307121226\tools\arm-none-eabi\include\c++\12.3.1\bits\stl_vector.h:888:7:std::vector<_Tp, _Alloc>::iterator std::vector<_Tp, _Alloc>::end() [with _Tp = CALLBACK*; _Alloc = std::allocator<CALLBACK*>]	24	static
c:\nxp\mcuxpressoide_11.9.0_2144\ide\plugins\com.nxp.mcuxpresso.tools.win32_11.9.0.202307121226\tools\arm-none-eabi\include\c++\12.3.1\bits\stl_iterator.h:1237:5:bool __gnu_cxx::operator!=(const __normal_iterator<_Iterator, _Container>&, const __normal_iterator<_Iterator, _Container>&) [with _Iterator = CALLBACK**; _Container = std::vector<CALLBACK*>]	24	static
c:\nxp\mcuxpressoide_11.9.0_2144\ide\plugins\com.nxp.mcuxpresso.tools.win32_11.9.0.202307121226\tools\arm-none-eabi\include\c++\12.3.1\bits\stl_iterator.h:1105:7:__gnu_cxx::__normal_iterator<_Iterator, _Container>& __gnu_cxx::__normal_iterator<_Iterator, _Container>::operator++() [with _Iterator = CALLBACK**; _Container = std::vector<CALLBACK*>]	16	static
c:\nxp\mcuxpressoide_11.9.0_2144\ide\plugins\com.nxp.mcuxpresso.tools.win32_11.9.0.202307121226\tools\arm-none-eabi\include\c++\12.3.1\bits\stl_iterator.h:1095:7:__gnu_cxx::__normal_iterator<_Iterator, _Container>::reference __gnu_cxx::__normal_iterator<_Iterator, _Container>::operator*() const [with _Iterator = CALLBACK**; _Container = std::vector<CALLBACK*>]	16	static
c:\nxp\mcuxpressoide_11.9.0_2144\ide\plugins\com.nxp.mcuxpresso.tools.win32_11.9.0.202307121226\tools\arm-none-eabi\include\c++\12.3.1\bits\allocator.h:156:7:std::allocator< <template-parameter-1-1> >::allocator() [with _Tp = CALLBACK*]	16	static
c:\nxp\mcuxpressoide_11.9.0_2144\ide\plugins\com.nxp.mcuxpresso.tools.win32_11.9.0.202307121226\tools\arm-none-eabi\include\c++\12.3.1\bits\stl_vector.h:99:2:std::_Vector_base<_Tp, _Alloc>::_Vector_impl_data::_Vector_impl_data() [with _Tp = CALLBACK*; _Alloc = std::allocator<CALLBACK*>]	16	static
c:\nxp\mcuxpressoide_11.9.0_2144\ide\plugins\com.nxp.mcuxpresso.tools.win32_11.9.0.202307121226\tools\arm-none-eabi\include\c++\12.3.1\bits\new_allocator.h:90:7:std::__new_allocator<_Tp>::~__new_allocator() [with _Tp = CALLBACK*]	16	static
c:\nxp\mcuxpressoide_11.9.0_2144\ide\plugins\com.nxp.mcuxpresso.tools.win32_11.9.0.202307121226\tools\arm-none-eabi\include\c++\12.3.1\bits\stl_vector.h:383:7:void std::_Vector_base<_Tp, _Alloc>::_M_deallocate(pointer, std::size_t) [with _Tp = CALLBACK*; _Alloc = std::allocator<CALLBACK*>]	24	static
c:\nxp\mcuxpressoide_11.9.0_2144\ide\plugins\com.nxp.mcuxpresso.tools.win32_11.9.0.202307121226\tools\arm-none-eabi\include\c++\12.3.1\bits\move.h:104:5:constexpr typename std::remove_reference<_Tp>::type&& std::move(_Tp&&) [with _Tp = CALLBACK*&]	16	static
c:\nxp\mcuxpressoide_11.9.0_2144\ide\plugins\com.nxp.mcuxpresso.tools.win32_11.9.0.202307121226\tools\arm-none-eabi\include\c++\12.3.1\bits\vector.tcc:111:7:) [with _Args = {CALLBACK*}; _Tp = CALLBACK*; _Alloc = std::allocator<CALLBACK*>]	24	static
c:\nxp\mcuxpressoide_11.9.0_2144\ide\plugins\com.nxp.mcuxpresso.tools.win32_11.9.0.202307121226\tools\arm-none-eabi\include\c++\12.3.1\bits\stl_iterator.h:1072:7:__gnu_cxx::__normal_iterator<_Iterator, _Container>::__normal_iterator(const _Iterator&) [with _Iterator = CALLBACK**; _Container = std::vector<CALLBACK*>]	16	static
c:\nxp\mcuxpressoide_11.9.0_2144\ide\plugins\com.nxp.mcuxpresso.tools.win32_11.9.0.202307121226\tools\arm-none-eabi\include\c++\12.3.1\bits\stl_iterator.h:1158:7:const _Iterator& __gnu_cxx::__normal_iterator<_Iterator, _Container>::base() const [with _Iterator = CALLBACK**; _Container = std::vector<CALLBACK*>]	16	static
c:\nxp\mcuxpressoide_11.9.0_2144\ide\plugins\com.nxp.mcuxpresso.tools.win32_11.9.0.202307121226\tools\arm-none-eabi\include\c++\12.3.1\bits\new_allocator.h:80:7:std::__new_allocator<_Tp>::__new_allocator() [with _Tp = CALLBACK*]	16	static
c:\nxp\mcuxpressoide_11.9.0_2144\ide\plugins\com.nxp.mcuxpresso.tools.win32_11.9.0.202307121226\tools\arm-none-eabi\include\c++\12.3.1\bits\alloc_traits.h:495:7:static void std::allocator_traits<std::allocator<_Tp1> >::deallocate(allocator_type&, pointer, size_type) [with _Tp = CALLBACK*]	24	static
c:\nxp\mcuxpressoide_11.9.0_2144\ide\plugins\com.nxp.mcuxpresso.tools.win32_11.9.0.202307121226\tools\arm-none-eabi\include\c++\12.3.1\bits\move.h:77:5:constexpr _Tp&& std::forward(typename remove_reference<_Tp>::type&) [with _Tp = CALLBACK*]	16	static
c:\nxp\mcuxpressoide_11.9.0_2144\ide\plugins\com.nxp.mcuxpresso.tools.win32_11.9.0.202307121226\tools\arm-none-eabi\include\c++\12.3.1\bits\alloc_traits.h:511:2:) [with _Up = CALLBACK*; _Args = {CALLBACK*}; _Tp = CALLBACK*]	24	static
c:\nxp\mcuxpressoide_11.9.0_2144\ide\plugins\com.nxp.mcuxpresso.tools.win32_11.9.0.202307121226\tools\arm-none-eabi\include\c++\12.3.1\bits\vector.tcc:439:7:) [with _Args = {CALLBACK*}; _Tp = CALLBACK*; _Alloc = std::allocator<CALLBACK*>]	72	static
c:\nxp\mcuxpressoide_11.9.0_2144\ide\plugins\com.nxp.mcuxpresso.tools.win32_11.9.0.202307121226\tools\arm-none-eabi\include\c++\12.3.1\bits\stl_vector.h:1228:7:std::vector<_Tp, _Alloc>::reference std::vector<_Tp, _Alloc>::back() [with _Tp = CALLBACK*; _Alloc = std::allocator<CALLBACK*>]	24	static
c:\nxp\mcuxpressoide_11.9.0_2144\ide\plugins\com.nxp.mcuxpresso.tools.win32_11.9.0.202307121226\tools\arm-none-eabi\include\c++\12.3.1\bits\new_allocator.h:142:7:void std::__new_allocator<_Tp>::deallocate(_Tp*, size_type) [with _Tp = CALLBACK*]	24	static
c:\nxp\mcuxpressoide_11.9.0_2144\ide\plugins\com.nxp.mcuxpresso.tools.win32_11.9.0.202307121226\tools\arm-none-eabi\include\c++\12.3.1\bits\new_allocator.h:173:2:) [with _Up = CALLBACK*; _Args = {CALLBACK*}; _Tp = CALLBACK*]	32	static
c:\nxp\mcuxpressoide_11.9.0_2144\ide\plugins\com.nxp.mcuxpresso.tools.win32_11.9.0.202307121226\tools\arm-none-eabi\include\c++\12.3.1\bits\stl_vector.h:1891:7:std::vector<_Tp, _Alloc>::size_type std::vector<_Tp, _Alloc>::_M_check_len(size_type, const char*) const [with _Tp = CALLBACK*; _Alloc = std::allocator<CALLBACK*>]	40	static
c:\nxp\mcuxpressoide_11.9.0_2144\ide\plugins\com.nxp.mcuxpresso.tools.win32_11.9.0.202307121226\tools\arm-none-eabi\include\c++\12.3.1\bits\stl_iterator.h:1330:5:typename __gnu_cxx::__normal_iterator<_Iterator, _Container>::difference_type __gnu_cxx::operator-(const __normal_iterator<_Iterator, _Container>&, const __normal_iterator<_Iterator, _Container>&) [with _Iterator = CALLBACK**; _Container = std::vector<CALLBACK*>]	24	static
c:\nxp\mcuxpressoide_11.9.0_2144\ide\plugins\com.nxp.mcuxpresso.tools.win32_11.9.0.202307121226\tools\arm-none-eabi\include\c++\12.3.1\bits\stl_vector.h:375:7:std::_Vector_base<_Tp, _Alloc>::pointer std::_Vector_base<_Tp, _Alloc>::_M_allocate(std::size_t) [with _Tp = CALLBACK*; _Alloc = std::allocator<CALLBACK*>]	16	static
c:\nxp\mcuxpressoide_11.9.0_2144\ide\plugins\com.nxp.mcuxpresso.tools.win32_11.9.0.202307121226\tools\arm-none-eabi\include\c++\12.3.1\bits\stl_vector.h:499:7:static std::vector<_Tp, _Alloc>::pointer std::vector<_Tp, _Alloc>::_S_relocate(pointer, pointer, pointer, _Tp_alloc_type&) [with _Tp = CALLBACK*; _Alloc = std::allocator<CALLBACK*>]	24	static
c:\nxp\mcuxpressoide_11.9.0_2144\ide\plugins\com.nxp.mcuxpresso.tools.win32_11.9.0.202307121226\tools\arm-none-eabi\include\c++\12.3.1\bits\stl_vector.h:298:7:std::_Vector_base<_Tp, _Alloc>::_Tp_alloc_type& std::_Vector_base<_Tp, _Alloc>::_M_get_Tp_allocator() [with _Tp = CALLBACK*; _Alloc = std::allocator<CALLBACK*>]	16	static
c:\nxp\mcuxpressoide_11.9.0_2144\ide\plugins\com.nxp.mcuxpresso.tools.win32_11.9.0.202307121226\tools\arm-none-eabi\include\c++\12.3.1\bits\alloc_traits.h:847:5:void std::_Destroy(_ForwardIterator, _ForwardIterator, allocator<_T2>&) [with _ForwardIterator = CALLBACK**; _Tp = CALLBACK*]	24	static
c:\nxp\mcuxpressoide_11.9.0_2144\ide\plugins\com.nxp.mcuxpresso.tools.win32_11.9.0.202307121226\tools\arm-none-eabi\include\c++\12.3.1\bits\stl_iterator.h:1153:7:__gnu_cxx::__normal_iterator<_Iterator, _Container> __gnu_cxx::__normal_iterator<_Iterator, _Container>::operator-(difference_type) const [with _Iterator = CALLBACK**; _Container = std::vector<CALLBACK*>]	24	static
c:\nxp\mcuxpressoide_11.9.0_2144\ide\plugins\com.nxp.mcuxpresso.tools.win32_11.9.0.202307121226\tools\arm-none-eabi\include\c++\12.3.1\bits\stl_vector.h:993:7:std::vector<_Tp, _Alloc>::size_type std::vector<_Tp, _Alloc>::max_size() const [with _Tp = CALLBACK*; _Alloc = std::allocator<CALLBACK*>]	16	static
c:\nxp\mcuxpressoide_11.9.0_2144\ide\plugins\com.nxp.mcuxpresso.tools.win32_11.9.0.202307121226\tools\arm-none-eabi\include\c++\12.3.1\bits\stl_vector.h:987:7:std::vector<_Tp, _Alloc>::size_type std::vector<_Tp, _Alloc>::size() const [with _Tp = CALLBACK*; _Alloc = std::allocator<CALLBACK*>]	16	static
c:\nxp\mcuxpressoide_11.9.0_2144\ide\plugins\com.nxp.mcuxpresso.tools.win32_11.9.0.202307121226\tools\arm-none-eabi\include\c++\12.3.1\bits\stl_algobase.h:254:5:constexpr const _Tp& std::max(const _Tp&, const _Tp&) [with _Tp = unsigned int]	16	static
c:\nxp\mcuxpressoide_11.9.0_2144\ide\plugins\com.nxp.mcuxpresso.tools.win32_11.9.0.202307121226\tools\arm-none-eabi\include\c++\12.3.1\bits\alloc_traits.h:463:7:static _Tp* std::allocator_traits<std::allocator<_Tp1> >::allocate(allocator_type&, size_type) [with _Tp = CALLBACK*]	16	static
c:\nxp\mcuxpressoide_11.9.0_2144\ide\plugins\com.nxp.mcuxpresso.tools.win32_11.9.0.202307121226\tools\arm-none-eabi\include\c++\12.3.1\bits\stl_uninitialized.h:1127:5:_ForwardIterator std::__relocate_a(_InputIterator, _InputIterator, _ForwardIterator, _Allocator&) [with _InputIterator = CALLBACK**; _ForwardIterator = CALLBACK**; _Allocator = allocator<CALLBACK*>]	32	static
c:\nxp\mcuxpressoide_11.9.0_2144\ide\plugins\com.nxp.mcuxpresso.tools.win32_11.9.0.202307121226\tools\arm-none-eabi\include\c++\12.3.1\bits\stl_construct.h:182:5:void std::_Destroy(_ForwardIterator, _ForwardIterator) [with _ForwardIterator = CALLBACK**]	16	static
c:\nxp\mcuxpressoide_11.9.0_2144\ide\plugins\com.nxp.mcuxpresso.tools.win32_11.9.0.202307121226\tools\arm-none-eabi\include\c++\12.3.1\bits\stl_vector.h:1911:7:static std::vector<_Tp, _Alloc>::size_type std::vector<_Tp, _Alloc>::_S_max_size(const _Tp_alloc_type&) [with _Tp = CALLBACK*; _Alloc = std::allocator<CALLBACK*>]	24	static
c:\nxp\mcuxpressoide_11.9.0_2144\ide\plugins\com.nxp.mcuxpresso.tools.win32_11.9.0.202307121226\tools\arm-none-eabi\include\c++\12.3.1\bits\stl_vector.h:303:7:const std::_Vector_base<_Tp, _Alloc>::_Tp_alloc_type& std::_Vector_base<_Tp, _Alloc>::_M_get_Tp_allocator() const [with _Tp = CALLBACK*; _Alloc = std::allocator<CALLBACK*>]	16	static
c:\nxp\mcuxpressoide_11.9.0_2144\ide\plugins\com.nxp.mcuxpresso.tools.win32_11.9.0.202307121226\tools\arm-none-eabi\include\c++\12.3.1\bits\new_allocator.h:112:7:_Tp* std::__new_allocator<_Tp>::allocate(size_type, const void*) [with _Tp = CALLBACK*]	24	static
c:\nxp\mcuxpressoide_11.9.0_2144\ide\plugins\com.nxp.mcuxpresso.tools.win32_11.9.0.202307121226\tools\arm-none-eabi\include\c++\12.3.1\bits\stl_algobase.h:313:5:_Iterator std::__niter_base(_Iterator) [with _Iterator = CALLBACK**]	16	static
c:\nxp\mcuxpressoide_11.9.0_2144\ide\plugins\com.nxp.mcuxpresso.tools.win32_11.9.0.202307121226\tools\arm-none-eabi\include\c++\12.3.1\bits\stl_uninitialized.h:1100:5:std::__enable_if_t<std::__is_bitwise_relocatable<_Tp>::value, _Tp*> std::__relocate_a_1(_Tp*, _Tp*, _Tp*, allocator<_T2>&) [with _Tp = CALLBACK*; _Up = CALLBACK*]	32	static
c:\nxp\mcuxpressoide_11.9.0_2144\ide\plugins\com.nxp.mcuxpresso.tools.win32_11.9.0.202307121226\tools\arm-none-eabi\include\c++\12.3.1\bits\stl_construct.h:172:9:static void std::_Destroy_aux<true>::__destroy(_ForwardIterator, _ForwardIterator) [with _ForwardIterator = CALLBACK**]	16	static
c:\nxp\mcuxpressoide_11.9.0_2144\ide\plugins\com.nxp.mcuxpresso.tools.win32_11.9.0.202307121226\tools\arm-none-eabi\include\c++\12.3.1\bits\alloc_traits.h:547:7:static std::allocator_traits<std::allocator<_Tp1> >::size_type std::allocator_traits<std::allocator<_Tp1> >::max_size(const allocator_type&) [with _Tp = CALLBACK*]	16	static
c:\nxp\mcuxpressoide_11.9.0_2144\ide\plugins\com.nxp.mcuxpresso.tools.win32_11.9.0.202307121226\tools\arm-none-eabi\include\c++\12.3.1\bits\stl_algobase.h:230:5:constexpr const _Tp& std::min(const _Tp&, const _Tp&) [with _Tp = unsigned int]	16	static
c:\nxp\mcuxpressoide_11.9.0_2144\ide\plugins\com.nxp.mcuxpresso.tools.win32_11.9.0.202307121226\tools\arm-none-eabi\include\c++\12.3.1\bits\new_allocator.h:210:7:constexpr std::__new_allocator<_Tp>::size_type std::__new_allocator<_Tp>::_M_max_size() const [with _Tp = CALLBACK*]	16	static
c:\nxp\mcuxpressoide_11.9.0_2144\ide\plugins\com.nxp.mcuxpresso.tools.win32_11.9.0.202307121226\tools\arm-none-eabi\include\c++\12.3.1\bits\new_allocator.h:167:7:std::__new_allocator<_Tp>::size_type std::__new_allocator<_Tp>::max_size() const [with _Tp = CALLBACK*]	16	static
../src/UTILS/CALLBACK/CALLBACK.cpp:28:1:void __static_initialization_and_destruction_0(int, int)	16	static
c:\nxp\mcuxpressoide_11.9.0_2144\ide\plugins\com.nxp.mcuxpresso.tools.win32_11.9.0.202307121226\tools\arm-none-eabi\include\c++\12.3.1\bits\stl_vector.h:728:7:std::vector<_Tp, _Alloc>::~vector() [with _Tp = CALLBACK*; _Alloc = std::allocator<CALLBACK*>]	24	static
../src/UTILS/CALLBACK/CALLBACK.cpp:28:1:cpp)	8	static
