../src/LCD/LCD.cpp:20:6:void delay(int)	24	static
../src/LCD/LCD.cpp:25:6:void LCD_SendCmd(uint8_t)	16	static
../src/LCD/LCD.cpp:54:6:void LCD_SendData(uint8_t)	16	static
../src/LCD/LCD.cpp:83:6:void LCD_Init()	8	static
../src/LCD/LCD.cpp:104:6:void LCD_Clear()	8	static
../src/LCD/LCD.cpp:110:6:void LCD_SetCursor(uint8_t, uint8_t)	24	static
../src/LCD/LCD.cpp:127:6:void LCD_WriteString(uint8_t*)	16	static
../src/LCD/LCD.cpp:131:1:void __static_initialization_and_destruction_0(int, int)	16	static
../src/LCD/LCD.cpp:131:1:cpp)	8	static
