../src/mde_main/mde_main.cpp:57:6:void Maq_Estado()	8	static
../src/mde_main/mde_main.cpp:91:6:void estadoelegir0()	8	static
../src/mde_main/mde_main.cpp:105:6:void BuscandoDB()	8	static
../src/mde_main/mde_main.cpp:119:6:void estadoelegir1()	8	static
../src/mde_main/mde_main.cpp:148:6:void estadoelegir2()	8	static
../src/mde_main/mde_main.cpp:158:6:void cambioEstado3()	8	static
../src/mde_main/mde_main.cpp:165:6:void estadoelegir3()	8	static
../src/mde_main/mde_main.cpp:195:9:uint8_t detectarVaso()	8	static
../src/mde_main/mde_main.cpp:199:7:float calibracion()	16	static
../src/mde_main/mde_main.cpp:209:6:void llenarCampari()	16	static
../src/mde_main/mde_main.cpp:287:6:void llenarRon()	16	static
../src/mde_main/mde_main.cpp:332:6:void llenarVodka()	16	static
../src/mde_main/mde_main.cpp:373:6:void estadoelegir4()	24	static
../src/mde_main/mde_main.cpp:392:6:void MostrarPorDisplay(uint8_t, uint32_t, uint32_t, uint8_t*)	24	static
../src/mde_main/mde_main.cpp:399:6:void EncenderBombas(uint8_t)	16	static
../src/mde_main/mde_main.cpp:434:6:void Inicio()	8	static
../src/mde_main/mde_main.cpp:449:6:void VolverAEstado0()	8	static
../src/mde_main/mde_main.cpp:455:1:void __static_initialization_and_destruction_0(int, int)	24	static
../src/mde_main/mde_main.cpp:455:1:cpp)	8	static
